RAM Allocation [bytes]
Variable                                                                          Address   Size
------------------------------------------------------------------------------------------------
keypad                                                                            0x027D      16
keypad_x                                                                          0x028D       4
_base_y                                                                           0x0291       4

EEPROM Allocation [bytes]
Variable                                                                          Address   Size
------------------------------------------------------------------------------------------------

Register Allocation
Variable                                                                          Register  Size
------------------------------------------------------------------------------------------------
state                                                                             R5           1
_lcd_x                                                                            R4           1
_lcd_y                                                                            R7           1
_lcd_maxx                                                                         R6           1

FLASH Allocation [words]
Function                                                                          Address   Size
------------------------------------------------------------------------------------------------
main                                                                              0x00084    161
lcd_blink                                                                         0x00125      9
_lcd_write_nibble_G100                                                            0x0012E     20
_lcd_write_data                                                                   0x00142     12
lcd_gotoxy                                                                        0x0014E     13
lcd_clear                                                                         0x0015B     10
lcd_putchar                                                                       0x00165     21
lcd_puts                                                                          0x0017A     17
lcd_init                                                                          0x0018B     43
